// Jest Snapshot v1, https://goo.gl/fbAQLP

exports[`Flex renders matching snapshot 1`] = `
<DocumentFragment>
  <div
    class="flex"
  >
    Hello World
  </div>
</DocumentFragment>
`;
