// Jest Snapshot v1, https://goo.gl/fbAQLP

exports[`Touchable renders matching snapshot 1`] = `
<DocumentFragment>
  <button
    class="select-none cursor-pointer focus:outline-none focus:shadow-outline"
  >
    Hello World
  </button>
</DocumentFragment>
`;
