// Jest Snapshot v1, https://goo.gl/fbAQLP

exports[`Base renders matching snapshot 1`] = `
<DocumentFragment>
  <div
    class="focus:outline-none focus:shadow-outline"
  >
    Hello World
  </div>
</DocumentFragment>
`;
