// Jest Snapshot v1, https://goo.gl/fbAQLP

exports[`Text renders matching snapshot 1`] = `
<DocumentFragment>
  <p
    class="leading-normal"
  >
    Hello World
  </p>
</DocumentFragment>
`;
